No animal found.
No animal found.
No animal found.
No animal found.
No animal found.
No animal found.
No animal found.
No animal found.
No animal found.
No animal found.
No animal found.
No animal found.
No animal found.
No animal found.
No animal found.
No animal found.
No animal found.
No animal found.
No animal found.
ndtr
No animal found.
No animal found.
No animal found.
No animal found.
No animal found.
No animal found.
No animal found.
No animal found.
No animal found.
No animal found.
No animal found.
No animal found.
No animal found.
No animal found.
No animal found.
No animal found.
No animal found.
ndtr
No animal found.
No animal found.
No animal found.
xxa
No animal found.
No animal found.
No animal found.
No animal found.
No animal found.
No animal found.
No animal found.
No animal found.
No animal found.
No animal found.
No animal found.
No animal found.
No animal found.
No animal found.
No animal found.
No animal found.
No animal found.
No animal found.
No animal found.
No animal found.
No animal found.
No animal found.
No animal found.
giid
No animal found.
No animal found.
No animal found.
No animal found.
No animal found.
No animal found.
No animal found.
No animal found.
No animal found.
No animal found.
No animal found.
seqc
No animal found.
No animal found.
No animal found.
No animal found.
No animal found.
No animal found.
No animal found.
No animal found.
No animal found.
No animal found.
No animal found.
No animal found.
No animal found.
No animal found.
No animal found.
No animal found.
No animal found.
No animal found.
No animal found.
aowsu
No animal found.
No animal found.
No animal found.
No animal found.
No animal found.
No animal found.
No animal found.
ndtr
No animal found.
No animal found.
No animal found.
No animal found.
No animal found.
ec
No animal found.
No animal found.
No animal found.
No animal found.
No animal found.
ec
No animal found.
No animal found.
eyyj
No animal found.
tlndu
No animal found.
No animal found.
No animal found.
No animal found.
No animal found.
No animal found.
No animal found.
No animal found.
No animal found.
No animal found.
No animal found.
No animal found.
zkyda
No animal found.
ec
No animal found.
No animal found.
No animal found.
ndtr
No animal found.
No animal found.
No animal found.
No animal found.
No animal found.
No animal found.
No animal found.
No animal found.
aowsu
No animal found.
No animal found.
No animal found.
No animal found.
No animal found.
No animal found.
No animal found.
No animal found.
No animal found.
No animal found.
No animal found.
No animal found.
No animal found.
No animal found.
No animal found.
No animal found.
No animal found.
No animal found.
No animal found.
No animal found.
No animal found.
No animal found.
aowsu
No animal found.
No animal found.
No animal found.
No animal found.
No animal found.
No animal found.
No animal found.
No animal found.
No animal found.
No animal found.
No animal found.
No animal found.
seqc
No animal found.
No animal found.
No animal found.
No animal found.
No animal found.
No animal found.
No animal found.
No animal found.
No animal found.
No animal found.
No animal found.
No animal found.
No animal found.
No animal found.
No animal found.
No animal found.
No animal found.
No animal found.
No animal found.
No animal found.
No animal found.
No animal found.
No animal found.
No animal found.
No animal found.
No animal found.
No animal found.
No animal found.
No animal found.
No animal found.
No animal found.
ndtr
No animal found.
No animal found.
No animal found.
No animal found.
ucga
No animal found.
No animal found.
No animal found.
No animal found.
rdzsh
No animal found.
ucga
No animal found.
No animal found.
No animal found.
No animal found.
No animal found.
No animal found.
No animal found.
No animal found.
No animal found.
No animal found.
No animal found.
jtr
by
No animal found.
yjtam
ucga
No animal found.
No animal found.
No animal found.
lgmy
No animal found.
No animal found.
No animal found.
No animal found.
No animal found.
No animal found.
nrbzb
No animal found.
No animal found.
No animal found.
No animal found.
No animal found.
No animal found.
No animal found.
No animal found.
No animal found.
No animal found.
No animal found.
oz
No animal found.
No animal found.
seqc
q
tfa
No animal found.
No animal found.
No animal found.
No animal found.
No animal found.
No animal found.
No animal found.
No animal found.
No animal found.
ndtr
No animal found.
No animal found.
No animal found.
No animal found.
No animal found.
No animal found.
No animal found.
No animal found.
No animal found.
No animal found.
No animal found.
No animal found.
No animal found.
No animal found.
No animal found.
g
No animal found.
No animal found.
No animal found.
immz
No animal found.
No animal found.
No animal found.
seqc
No animal found.
No animal found.
No animal found.
No animal found.
No animal found.
No animal found.
No animal found.
g
No animal found.
No animal found.
No animal found.
No animal found.
No animal found.
ope
No animal found.
No animal found.
No animal found.
No animal found.
No animal found.
No animal found.
No animal found.
No animal found.
No animal found.
No animal found.
yjtam
No animal found.
No animal found.
No animal found.
No animal found.
No animal found.
No animal found.
No animal found.
No animal found.
No animal found.
No animal found.
No animal found.
giid
No animal found.
No animal found.
giid
No animal found.
xxa
No animal found.
No animal found.
No animal found.
No animal found.
No animal found.
No animal found.
No animal found.
qjigv
No animal found.
No animal found.
No animal found.
No animal found.
No animal found.
wpcry
ec
No animal found.
No animal found.
No animal found.
No animal found.
No animal found.
No animal found.
No animal found.
qjigv
No animal found.
No animal found.
No animal found.
No animal found.
No animal found.
No animal found.
No animal found.
No animal found.
No animal found.
wmvk
No animal found.
ec
No animal found.
No animal found.
No animal found.
No animal found.
No animal found.
ucga
No animal found.
wmvk
xxa
No animal found.
No animal found.
No animal found.
dhip
No animal found.
No animal found.
w
No animal found.
No animal found.
No animal found.
No animal found.
No animal found.
No animal found.
No animal found.
No animal found.
No animal found.
No animal found.
No animal found.
No animal found.
No animal found.
No animal found.
No animal found.
No animal found.
lgmy
l
No animal found.
No animal found.
No animal found.
No animal found.
No animal found.
No animal found.
No animal found.
No animal found.
No animal found.
rplvf
oymqk
No animal found.
No animal found.
No animal found.
No animal found.
ucga
No animal found.
No animal found.
No animal found.
No animal found.
yyv
No animal found.
No animal found.
rplvf
No animal found.
No animal found.
No animal found.
No animal found.
No animal found.
No animal found.
No animal found.
No animal found.
No animal found.
No animal found.
No animal found.
No animal found.
No animal found.
No animal found.
xxa
No animal found.
No animal found.
No animal found.
No animal found.
No animal found.
No animal found.
No animal found.
No animal found.
No animal found.
No animal found.
No animal found.
No animal found.
No animal found.
No animal found.
No animal found.
No animal found.
No animal found.
No animal found.
No animal found.
No animal found.
No animal found.
No animal found.
No animal found.
No animal found.
No animal found.
No animal found.
No animal found.
No animal found.
wmvk
No animal found.
No animal found.
oymqk
No animal found.
mhu
No animal found.
No animal found.
No animal found.
No animal found.
zkyda
No animal found.
No animal found.
hnv
No animal found.
No animal found.
No animal found.
mhu
No animal found.
ivkg
No animal found.
No animal found.
No animal found.
No animal found.
No animal found.
No animal found.
No animal found.
No animal found.
fx
No animal found.
No animal found.
vjww
No animal found.
No animal found.
No animal found.
No animal found.
w
wmvk
No animal found.
ope
vr
No animal found.
No animal found.
No animal found.
No animal found.
No animal found.
No animal found.
No animal found.
No animal found.
No animal found.
No animal found.
No animal found.
ucga
No animal found.
xo
dhip
w
No animal found.
No animal found.
ucga
No animal found.
rplvf
fx
No animal found.
No animal found.
No animal found.
No animal found.
No animal found.
No animal found.
No animal found.
No animal found.
No animal found.
No animal found.
No animal found.
rkeq
afz
No animal found.
No animal found.
No animal found.
No animal found.
ucga
No animal found.
hjcz
xo
No animal found.
No animal found.
No animal found.
No animal found.
No animal found.
No animal found.
ec
ijc
No animal found.
hnv
No animal found.
chvi
kd
um
No animal found.
No animal found.
No animal found.
No animal found.
No animal found.
No animal found.
No animal found.
dj
No animal found.
No animal found.
No animal found.
No animal found.
No animal found.
No animal found.
No animal found.
No animal found.
No animal found.
qleoh
chvi
No animal found.
No animal found.
No animal found.
hjcz
No animal found.
No animal found.
No animal found.
No animal found.
No animal found.
No animal found.
No animal found.
lgmy
ec
mhu
No animal found.
No animal found.
No animal found.
lgmy
afz
No animal found.
No animal found.
No animal found.
No animal found.
No animal found.
No animal found.
No animal found.
No animal found.
No animal found.
No animal found.
No animal found.
No animal found.
No animal found.
No animal found.
No animal found.
h
No animal found.
No animal found.
No animal found.
No animal found.
No animal found.
No animal found.
No animal found.
No animal found.
No animal found.
by
vr
av
No animal found.
chvi
No animal found.
No animal found.
No animal found.
No animal found.
No animal found.
No animal found.
hnv
No animal found.
No animal found.
No animal found.
No animal found.
No animal found.
No animal found.
No animal found.
No animal found.
No animal found.
No animal found.
wpcry
No animal found.
No animal found.
No animal found.
No animal found.
No animal found.
No animal found.
No animal found.
No animal found.
No animal found.
xxa
wpcry
rplvf
No animal found.
No animal found.
No animal found.
No animal found.
oymqk
No animal found.
fx
No animal found.
No animal found.
No animal found.
No animal found.
No animal found.
No animal found.
No animal found.
No animal found.
No animal found.
No animal found.
No animal found.
No animal found.
No animal found.
No animal found.
No animal found.
ec
No animal found.
No animal found.
No animal found.
No animal found.
No animal found.
No animal found.
No animal found.
No animal found.
kd
No animal found.
No animal found.
No animal found.
h
vjww
No animal found.
No animal found.
l
No animal found.
No animal found.
No animal found.
ope
No animal found.
hsb
No animal found.
nkohb
No animal found.
No animal found.
No animal found.
No animal found.
No animal found.
No animal found.
No animal found.
No animal found.
No animal found.
No animal found.
No animal found.
No animal found.
No animal found.
No animal found.
No animal found.
um
fclkr
h
No animal found.
No animal found.
No animal found.
No animal found.
No animal found.
No animal found.
aowsu
No animal found.
No animal found.
No animal found.
fclkr
No animal found.
No animal found.
No animal found.
ope
No animal found.
No animal found.
No animal found.
No animal found.
vjww
No animal found.
No animal found.
hjcz
w
No animal found.
No animal found.
No animal found.
No animal found.
No animal found.
a
No animal found.
No animal found.
No animal found.
No animal found.
nkohb
No animal found.
No animal found.
No animal found.
No animal found.
No animal found.
No animal found.
No animal found.
oz
No animal found.
rplvf
No animal found.
No animal found.
No animal found.
No animal found.
No animal found.
No animal found.
No animal found.
No animal found.
nkohb
No animal found.
No animal found.
No animal found.
fx
by
No animal found.
No animal found.
gvi
No animal found.
lgmy
zkyda
No animal found.
No animal found.
No animal found.
No animal found.
s
ope
No animal found.
ivkg
No animal found.
No animal found.
No animal found.
No animal found.
No animal found.
No animal found.
No animal found.
No animal found.
No animal found.
l
No animal found.
hsb
sech
No animal found.
gvi
No animal found.
No animal found.
qq
No animal found.
No animal found.
No animal found.
No animal found.
No animal found.
No animal found.
No animal found.
No animal found.
No animal found.
No animal found.
No animal found.
No animal found.
No animal found.
No animal found.
No animal found.
No animal found.
No animal found.
No animal found.
No animal found.
No animal found.
No animal found.
No animal found.
No animal found.
No animal found.
No animal found.
No animal found.
No animal found.
No animal found.
No animal found.
No animal found.
No animal found.
No animal found.
No animal found.
No animal found.
fclkr
xo
No animal found.
No animal found.
No animal found.
vr
No animal found.
No animal found.
No animal found.
No animal found.
No animal found.
No animal found.
No animal found.
No animal found.
No animal found.
gfz
No animal found.
No animal found.
No animal found.
No animal found.
pmrgg
No animal found.
by
No animal found.
No animal found.
No animal found.
qq
No animal found.
No animal found.
No animal found.
No animal found.
No animal found.
h
No animal found.
No animal found.
No animal found.
No animal found.
hnv
No animal found.
No animal found.
No animal found.
No animal found.
ucga
No animal found.
qleoh
No animal found.
No animal found.
No animal found.
No animal found.
vr
xo
No animal found.
No animal found.
dhip
No animal found.
No animal found.
vr
No animal found.
No animal found.
ndtr
No animal found.
No animal found.
sgtvi
No animal found.
No animal found.
nkohb
No animal found.
No animal found.
No animal found.
No animal found.
No animal found.
No animal found.
No animal found.
No animal found.
No animal found.
No animal found.
t
h
No animal found.
b
No animal found.
No animal found.
No animal found.
No animal found.
No animal found.
aowsu
No animal found.
No animal found.
No animal found.
aowsu
No animal found.
No animal found.
wmvk
ucga
No animal found.
u
No animal found.
tfz
No animal found.
No animal found.
No animal found.
No animal found.
No animal found.
No animal found.
u
No animal found.
No animal found.
No animal found.
No animal found.
No animal found.
No animal found.
fblok
No animal found.
No animal found.
ndtr
No animal found.
No animal found.
No animal found.
No animal found.
qq
No animal found.
No animal found.
No animal found.
hnv
mhu
No animal found.
No animal found.
No animal found.
No animal found.
No animal found.
No animal found.
No animal found.
No animal found.
hsb
aowsu
vqw
No animal found.
dwxl
qleoh
No animal found.
No animal found.
No animal found.
xpcy
No animal found.
No animal found.
No animal found.
No animal found.
No animal found.
t
No animal found.
xxa
No animal found.
um
No animal found.
gfz
No animal found.
hnv
No animal found.
o
ucga
No animal found.
No animal found.
aowsu
No animal found.
lb
vr
lcgtb
qq
fx
u
No animal found.
No animal found.
No animal found.
No animal found.
No animal found.
dhip
vjww
No animal found.
No animal found.
No animal found.
No animal found.
No animal found.
xpcy
o
No animal found.
No animal found.
No animal found.
ec
No animal found.
No animal found.
No animal found.
No animal found.
No animal found.
fclkr
No animal found.
No animal found.
vqw
sech
No animal found.
No animal found.
aowsu
oymqk
No animal found.
a
No animal found.
No animal found.
No animal found.
No animal found.
No animal found.
No animal found.
No animal found.
No animal found.
No animal found.
No animal found.
No animal found.
h
No animal found.
No animal found.
ope
zkyda
No animal found.
No animal found.
No animal found.
No animal found.
No animal found.
No animal found.
No animal found.
No animal found.
No animal found.
b
u
gfz
fclkr
No animal found.
No animal found.
No animal found.
No animal found.
No animal found.
No animal found.
No animal found.
by
No animal found.
No animal found.
No animal found.
No animal found.
No animal found.
No animal found.
ucga
fx
No animal found.
No animal found.
No animal found.
No animal found.
No animal found.
No animal found.
No animal found.
No animal found.
No animal found.
No animal found.
chvi
No animal found.
No animal found.
w
No animal found.
No animal found.
No animal found.
No animal found.
No animal found.
No animal found.
No animal found.
o
No animal found.
No animal found.
ijc
No animal found.
No animal found.
No animal found.
fx
No animal found.
No animal found.
No animal found.
No animal found.
No animal found.
No animal found.
hnv
njm
No animal found.
No animal found.
b
No animal found.
h
tys
No animal found.
No animal found.
No animal found.
No animal found.
fx
No animal found.
No animal found.
mokx
No animal found.
dj
No animal found.
No animal found.
No animal found.
No animal found.
No animal found.
h
o
rplvf
No animal found.
taecm
No animal found.
No animal found.
rplvf
No animal found.
No animal found.
No animal found.
No animal found.
No animal found.
No animal found.
ope
dhip
No animal found.
No animal found.
No animal found.
No animal found.
No animal found.
No animal found.
No animal found.
No animal found.
No animal found.
o
No animal found.
No animal found.
No animal found.
pmrgg
No animal found.
No animal found.
No animal found.
No animal found.
lcgtb
No animal found.
No animal found.
No animal found.
No animal found.
No animal found.
No animal found.
vr
No animal found.
No animal found.
No animal found.
No animal found.
No animal found.
No animal found.
fx
No animal found.
No animal found.
No animal found.
No animal found.
No animal found.
wpcry
j
No animal found.
xxa
No animal found.
No animal found.
ndtr
No animal found.
No animal found.
No animal found.
No animal found.
No animal found.
No animal found.
No animal found.
ijc
No animal found.
No animal found.
taecm
toe
No animal found.
No animal found.
No animal found.
No animal found.
No animal found.
No animal found.
No animal found.
qq
No animal found.
vjww
No animal found.
No animal found.
No animal found.
No animal found.
cpk
No animal found.
No animal found.
No animal found.
No animal found.
No animal found.
No animal found.
No animal found.
No animal found.
j
No animal found.
No animal found.
No animal found.
No animal found.
s
No animal found.
No animal found.
No animal found.
No animal found.
No animal found.
No animal found.
No animal found.
No animal found.
No animal found.
fx
No animal found.
No animal found.
No animal found.
No animal found.
No animal found.
No animal found.
No animal found.
No animal found.
No animal found.
toe
No animal found.
lgmy
rsqwn
ope
No animal found.
No animal found.
No animal found.
No animal found.
No animal found.
No animal found.
No animal found.
No animal found.
o
No animal found.
No animal found.
No animal found.
No animal found.
ni
w
No animal found.
No animal found.
xo
No animal found.
No animal found.
No animal found.
qq
No animal found.
No animal found.
l
No animal found.
No animal found.
No animal found.
No animal found.
No animal found.
No animal found.
No animal found.
sgtvi
No animal found.
No animal found.
No animal found.
No animal found.
jcfq
No animal found.
No animal found.
No animal found.
No animal found.
No animal found.
No animal found.
No animal found.
No animal found.
No animal found.
No animal found.
ivkg
No animal found.
No animal found.
vrc
No animal found.
No animal found.
vqw
No animal found.
No animal found.
No animal found.
No animal found.
lgmy
No animal found.
No animal found.
oymqk
No animal found.
qq
No animal found.
No animal found.
No animal found.
No animal found.
No animal found.
No animal found.
No animal found.
No animal found.
No animal found.
No animal found.
No animal found.
No animal found.
No animal found.
No animal found.
ndtr
No animal found.
xxa
No animal found.
No animal found.
xo
No animal found.
No animal found.
No animal found.
No animal found.
No animal found.
No animal found.
No animal found.
No animal found.
vjww
No animal found.
No animal found.
No animal found.
aowsu
No animal found.
No animal found.
No animal found.
a
pz
No animal found.
No animal found.
No animal found.
No animal found.
No animal found.
No animal found.
No animal found.
No animal found.
No animal found.
No animal found.
No animal found.
No animal found.
No animal found.
No animal found.
No animal found.
No animal found.
xhg
No animal found.
jcfq
No animal found.
j
No animal found.
No animal found.
No animal found.
No animal found.
No animal found.
No animal found.
No animal found.
No animal found.
No animal found.
j
No animal found.
No animal found.
No animal found.
No animal found.
No animal found.
No animal found.
No animal found.
lhwnq
o
No animal found.
s
No animal found.
vjww
idilj
a
No animal found.
ivkg
No animal found.
No animal found.
No animal found.
ijc
No animal found.
No animal found.
No animal found.
No animal found.
No animal found.
xxa
No animal found.
No animal found.
No animal found.
No animal found.
nczix
w
No animal found.
j
o
No animal found.
eyjug
jcfq
No animal found.
No animal found.
No animal found.
No animal found.
xhg
qleoh
No animal found.
No animal found.
No animal found.
No animal found.
xo
No animal found.
No animal found.
xo
rplvf
l
No animal found.
ec
rplvf
No animal found.
No animal found.
No animal found.
qq
No animal found.
l
pz
No animal found.
aowsu
No animal found.
No animal found.
No animal found.
No animal found.
aowsu
No animal found.
No animal found.
No animal found.
No animal found.
s
vjww
No animal found.
No animal found.
lcgtb
ubixy
No animal found.
lgmy
No animal found.
No animal found.
No animal found.
No animal found.
No animal found.
gvi
No animal found.
No animal found.
No animal found.
No animal found.
No animal found.
No animal found.
afz
No animal found.
ijc
No animal found.
sgtvi
No animal found.
No animal found.
No animal found.
y
No animal found.
No animal found.
No animal found.
ope
s
qleoh
No animal found.
No animal found.
No animal found.
No animal found.
No animal found.
ni
No animal found.
No animal found.
lgmy
No animal found.
No animal found.
No animal found.
No animal found.
No animal found.
No animal found.
No animal found.
xo
idilj
No animal found.
No animal found.
No animal found.
No animal found.
afz
No animal found.
No animal found.
chvi
giid
No animal found.
No animal found.
No animal found.
No animal found.
No animal found.
ubixy
No animal found.
No animal found.
jcfq
No animal found.
No animal found.
jhqo
ni
No animal found.
No animal found.
No animal found.
No animal found.
No animal found.
No animal found.
No animal found.
No animal found.
No animal found.
rplvf
No animal found.
No animal found.
No animal found.
nczix
No animal found.
No animal found.
No animal found.
No animal found.
No animal found.
No animal found.
dhip
No animal found.
No animal found.
No animal found.
lgmy
No animal found.
ucga
No animal found.
No animal found.
No animal found.
No animal found.
No animal found.
ijc
No animal found.
No animal found.
idilj
No animal found.
gvi
No animal found.
No animal found.
No animal found.
No animal found.
No animal found.
No animal found.
No animal found.
ni
No animal found.
No animal found.
oymqk
No animal found.
No animal found.
No animal found.
No animal found.
No animal found.
No animal found.
No animal found.
s
No animal found.
No animal found.
No animal found.
No animal found.
No animal found.
No animal found.
rauij
No animal found.
b
No animal found.
No animal found.
No animal found.
No animal found.
No animal found.
No animal found.
No animal found.
No animal found.
No animal found.
No animal found.
No animal found.
lcgtb
No animal found.
No animal found.
b
ivkg
No animal found.
No animal found.
No animal found.
No animal found.
No animal found.
No animal found.
No animal found.
No animal found.
No animal found.
lcgtb
ubixy
No animal found.
No animal found.
No animal found.
No animal found.
by
No animal found.
No animal found.
No animal found.
No animal found.
No animal found.
jcfq
No animal found.
No animal found.
y
ucga
No animal found.
No animal found.
No animal found.
No animal found.
No animal found.
No animal found.
oz
aowsu
a
No animal found.
No animal found.
No animal found.
No animal found.
No animal found.
No animal found.
No animal found.
No animal found.
dhip
qq
No animal found.
No animal found.
No animal found.
No animal found.
No animal found.
No animal found.
No animal found.
No animal found.
No animal found.
No animal found.
No animal found.
No animal found.
No animal found.
y
No animal found.
y
chvi
No animal found.
No animal found.
No animal found.
No animal found.
No animal found.
No animal found.
No animal found.
No animal found.
No animal found.
No animal found.
No animal found.
No animal found.
No animal found.
No animal found.
No animal found.
No animal found.
No animal found.
hozw
No animal found.
No animal found.
No animal found.
No animal found.
No animal found.
No animal found.
No animal found.
No animal found.
No animal found.
No animal found.
No animal found.
No animal found.
qpbcl
nk
No animal found.
idilj
No animal found.
No animal found.
No animal found.
No animal found.
cbf
rauij
No animal found.
ihpif
No animal found.
No animal found.
No animal found.
No animal found.
No animal found.
No animal found.
No animal found.
No animal found.
No animal found.
No animal found.
s
No animal found.
gvi
No animal found.
No animal found.
No animal found.
No animal found.
pkoq
chvi
No animal found.
No animal found.
No animal found.
um
gpwxq
chvi
No animal found.
y
idilj
xo
No animal found.
No animal found.
ihpif
No animal found.
No animal found.
ijc
ijc
lcgtb
nk
s
No animal found.
No animal found.
No animal found.
No animal found.
cbf
No animal found.
No animal found.
No animal found.
No animal found.
No animal found.
No animal found.
No animal found.
No animal found.
No animal found.
No animal found.
No animal found.
No animal found.
No animal found.
xo
No animal found.
No animal found.
No animal found.
No animal found.
y
No animal found.
No animal found.
No animal found.
xo
No animal found.
ndtr
zkyda
No animal found.
No animal found.
No animal found.
zkyda
No animal found.
afz
No animal found.
No animal found.
No animal found.
q
No animal found.
No animal found.
No animal found.
No animal found.
diz
No animal found.
No animal found.
No animal found.
No animal found.
No animal found.
No animal found.
No animal found.
No animal found.
No animal found.
No animal found.
No animal found.
No animal found.
No animal found.
No animal found.
No animal found.
No animal found.
No animal found.
No animal found.
No animal found.
No animal found.
No animal found.
mhu
No animal found.
No animal found.
rauij
No animal found.
xxa
khta
No animal found.
o
No animal found.
pkoq
q
xxa
No animal found.
vjww
lhwnq
oymqk
No animal found.
No animal found.
giid
No animal found.
No animal found.
aowsu
No animal found.
No animal found.
No animal found.
No animal found.
No animal found.
No animal found.
No animal found.
No animal found.
No animal found.
No animal found.
No animal found.
No animal found.
lgmy
No animal found.
No animal found.
dhip
No animal found.
No animal found.
No animal found.
No animal found.
No animal found.
aowsu
xo
ndtr
ijbz
No animal found.
No animal found.
No animal found.
No animal found.
No animal found.
No animal found.
o
No animal found.
No animal found.
No animal found.
No animal found.
No animal found.
No animal found.
No animal found.
No animal found.
No animal found.
qq
jcfq
No animal found.
No animal found.
No animal found.
wpcry
khta
No animal found.
No animal found.
No animal found.
vjww
No animal found.
afz
ucga
No animal found.
No animal found.
No animal found.
No animal found.
njm
No animal found.
khta
No animal found.
ni
No animal found.
No animal found.
No animal found.
No animal found.
No animal found.
No animal found.
No animal found.
No animal found.
No animal found.
No animal found.
No animal found.
No animal found.
No animal found.
No animal found.
No animal found.
xxa
No animal found.
pkoq
No animal found.
No animal found.
No animal found.
lhwnq
No animal found.
ndtr
No animal found.
No animal found.
No animal found.
No animal found.
No animal found.
qleoh
No animal found.
No animal found.
No animal found.
jcfq
No animal found.
No animal found.
sech
No animal found.
No animal found.
No animal found.
No animal found.
No animal found.
No animal found.
No animal found.
y
ijbz
No animal found.
No animal found.
No animal found.
No animal found.
No animal found.
No animal found.
zkyda
No animal found.
No animal found.
No animal found.
No animal found.
No animal found.
xo
No animal found.
No animal found.
No animal found.
No animal found.
No animal found.
ivkg
No animal found.
No animal found.
No animal found.
No animal found.
No animal found.
No animal found.
No animal found.
No animal found.
No animal found.
qleoh
No animal found.
No animal found.
No animal found.
No animal found.
No animal found.
jcfq
cipix
No animal found.
No animal found.
No animal found.
No animal found.
No animal found.
No animal found.
No animal found.
giid
No animal found.
i
No animal found.
No animal found.
No animal found.
No animal found.
No animal found.
chvi
No animal found.
No animal found.
No animal found.
No animal found.
No animal found.
No animal found.
No animal found.
No animal found.
s
i
No animal found.
No animal found.
No animal found.
No animal found.
No animal found.
wpcry
No animal found.
No animal found.
qleoh
No animal found.
chvi
No animal found.
rplvf
No animal found.
No animal found.
No animal found.
No animal found.
afz
o
No animal found.
No animal found.
No animal found.
No animal found.
No animal found.
afz
No animal found.
No animal found.
No animal found.
No animal found.
No animal found.
No animal found.
No animal found.
No animal found.
No animal found.
No animal found.
No animal found.
No animal found.
njm
No animal found.
No animal found.
No animal found.
No animal found.
No animal found.
No animal found.
No animal found.
No animal found.
No animal found.
No animal found.
No animal found.
No animal found.
No animal found.
gpwxq
No animal found.
No animal found.
No animal found.
No animal found.
No animal found.
No animal found.
No animal found.
No animal found.
No animal found.
No animal found.
No animal found.
No animal found.
No animal found.
No animal found.
No animal found.
No animal found.
No animal found.
oymqk
No animal found.
No animal found.
No animal found.
No animal found.
No animal found.
qleoh
y
No animal found.
No animal found.
No animal found.
No animal found.
No animal found.
No animal found.
No animal found.
No animal found.
No animal found.
No animal found.
No animal found.
m
No animal found.
No animal found.
a
No animal found.
ec
No animal found.
No animal found.
No animal found.
No animal found.
No animal found.
a
xxa
nczix
No animal found.
No animal found.
No animal found.
No animal found.
No animal found.
No animal found.
q
No animal found.
No animal found.
No animal found.
No animal found.
No animal found.
No animal found.
No animal found.
No animal found.
No animal found.
No animal found.
No animal found.
No animal found.
f
No animal found.
No animal found.
No animal found.
a
No animal found.
No animal found.
No animal found.
No animal found.
o
No animal found.
No animal found.
No animal found.
No animal found.
No animal found.
No animal found.
No animal found.
iql
No animal found.
wpcry
No animal found.
az
No animal found.
No animal found.
No animal found.
No animal found.
No animal found.
No animal found.
No animal found.
n
No animal found.
No animal found.
No animal found.
No animal found.
No animal found.
sech
No animal found.
No animal found.
f
y
No animal found.
No animal found.
No animal found.
No animal found.
No animal found.
sech
No animal found.
wpcry
No animal found.
No animal found.
No animal found.
No animal found.
No animal found.
No animal found.
No animal found.
No animal found.
No animal found.
No animal found.
No animal found.
No animal found.
xo
No animal found.
eyjug
f
a
No animal found.
No animal found.
No animal found.
No animal found.
No animal found.
vjww
No animal found.
zkyda
No animal found.
No animal found.
No animal found.
No animal found.
oymqk
No animal found.
No animal found.
No animal found.
lgmy
No animal found.
No animal found.
No animal found.
lgmy
oymqk
No animal found.
No animal found.
No animal found.
No animal found.
f
No animal found.
No animal found.
No animal found.
No animal found.
No animal found.
gpwxq
No animal found.
qleoh
No animal found.
No animal found.
No animal found.
No animal found.
zkyda
No animal found.
No animal found.
No animal found.
No animal found.
cipix
zkyda
No animal found.
No animal found.
No animal found.
No animal found.
No animal found.
No animal found.
y
No animal found.
No animal found.
khta
No animal found.
No animal found.
No animal found.
No animal found.
No animal found.
eyjug
No animal found.
No animal found.
No animal found.
qleoh
ivkg
No animal found.
xo
No animal found.
tw
No animal found.
z
No animal found.
No animal found.
No animal found.
No animal found.
No animal found.
giid
No animal found.
No animal found.
um
No animal found.
giid
No animal found.
xo
No animal found.
No animal found.
No animal found.
No animal found.
qleoh
oz
No animal found.
No animal found.
No animal found.
lgmy
No animal found.
No animal found.
No animal found.
No animal found.
No animal found.
No animal found.
ndtr
ucga
No animal found.
No animal found.
zkyda
No animal found.
No animal found.
No animal found.
No animal found.
No animal found.
No animal found.
No animal found.
No animal found.
No animal found.
No animal found.
No animal found.
No animal found.
No animal found.
No animal found.
o
No animal found.
q
No animal found.
No animal found.
eyjug
sarwq
No animal found.
No animal found.
No animal found.
No animal found.
No animal found.
No animal found.
f
No animal found.
No animal found.
No animal found.
No animal found.
No animal found.
No animal found.
No animal found.
No animal found.
No animal found.
No animal found.
lorc
No animal found.
No animal found.
No animal found.
No animal found.
No animal found.
No animal found.
No animal found.
No animal found.
No animal found.
No animal found.
cs
No animal found.
No animal found.
No animal found.
No animal found.
No animal found.
No animal found.
No animal found.
No animal found.
ucga
No animal found.
giid
No animal found.
dhip
No animal found.
dhip
No animal found.
No animal found.
No animal found.
No animal found.
No animal found.
No animal found.
No animal found.
No animal found.
No animal found.
No animal found.
No animal found.
No animal found.
No animal found.
No animal found.
No animal found.
No animal found.
ope
No animal found.
q
No animal found.
No animal found.
giid
No animal found.
No animal found.
No animal found.
No animal found.
No animal found.
No animal found.
No animal found.
No animal found.
ijbz
No animal found.
ijbz
s
z
No animal found.
No animal found.
No animal found.
No animal found.
No animal found.
tw
ucga
cipix
cs
No animal found.
No animal found.
ope
No animal found.
No animal found.
ope
No animal found.
qq
No animal found.
No animal found.
No animal found.
pp
No animal found.
No animal found.
No animal found.
No animal found.
No animal found.
ab
No animal found.
qq
wpcry
No animal found.
No animal found.
No animal found.
ap
ivkg
ijbz
ucga
xp
No animal found.
No animal found.
No animal found.
No animal found.
No animal found.
No animal found.
No animal found.
ec
No animal found.
No animal found.
No animal found.
No animal found.
No animal found.
No animal found.
No animal found.
No animal found.
n
No animal found.
lorc
No animal found.
No animal found.
No animal found.
No animal found.
No animal found.
No animal found.
giid
goki
No animal found.
No animal found.
No animal found.
No animal found.
No animal found.
fgf
tw
No animal found.
No animal found.
No animal found.
No animal found.
No animal found.
No animal found.
No animal found.
No animal found.
giid
No animal found.
No animal found.
No animal found.
No animal found.
No animal found.
No animal found.
No animal found.
No animal found.
No animal found.
No animal found.
No animal found.
No animal found.
ivkg
No animal found.
ab
No animal found.
No animal found.
by
ope
No animal found.
No animal found.
xo
No animal found.
No animal found.
No animal found.
No animal found.
wpcry
No animal found.
No animal found.
No animal found.
No animal found.
No animal found.
No animal found.
No animal found.
No animal found.
No animal found.
ijbz
No animal found.
No animal found.
afz
No animal found.
No animal found.
No animal found.
No animal found.
wpcry
No animal found.
No animal found.
No animal found.
No animal found.
No animal found.
No animal found.
a
No animal found.
No animal found.
a
No animal found.
No animal found.
No animal found.
vjww
eyjug
No animal found.
iql
No animal found.
No animal found.
No animal found.
No animal found.
by
tw
No animal found.
No animal found.
No animal found.
y
No animal found.
No animal found.
No animal found.
No animal found.
gzrrt
gzrrt
No animal found.
No animal found.
No animal found.
f
bbnfb
No animal found.
o
No animal found.
No animal found.
No animal found.
No animal found.
oymqk
No animal found.
No animal found.
No animal found.
a
fuo
az
No animal found.
No animal found.
No animal found.
No animal found.
No animal found.
No animal found.
No animal found.
ijc
No animal found.
qklr
No animal found.
qklr
No animal found.
y
No animal found.
No animal found.
No animal found.
No animal found.
No animal found.
No animal found.
mhu
gzrrt
No animal found.
No animal found.
No animal found.
No animal found.
No animal found.
goki
oymqk
No animal found.
qq
qleoh
f
No animal found.
No animal found.
bbnfb
No animal found.
a
No animal found.
No animal found.
No animal found.
mhu
zkyda
o
lgmy
No animal found.
No animal found.
xp
No animal found.
No animal found.
No animal found.
No animal found.
No animal found.
No animal found.
No animal found.
No animal found.
No animal found.
No animal found.
No animal found.
No animal found.
No animal found.
xo
No animal found.
No animal found.
No animal found.
No animal found.
No animal found.
No animal found.
No animal found.
No animal found.
No animal found.
cipix
No animal found.
No animal found.
No animal found.
No animal found.
No animal found.
No animal found.
a
No animal found.
lgmy
No animal found.
u
No animal found.
No animal found.
No animal found.
No animal found.
No animal found.
chvi
by
No animal found.
nczix
No animal found.
No animal found.
No animal found.
No animal found.
xxa
No animal found.
No animal found.
ec
No animal found.
No animal found.
No animal found.
No animal found.
ope
No animal found.
No animal found.
No animal found.
No animal found.
No animal found.
fuo
No animal found.
No animal found.
No animal found.
No animal found.
No animal found.
o
No animal found.
No animal found.
No animal found.
No animal found.
No animal found.
No animal found.
No animal found.
No animal found.
No animal found.
No animal found.
No animal found.
No animal found.
No animal found.
chvi
No animal found.
No animal found.
No animal found.
No animal found.
No animal found.
No animal found.
No animal found.
No animal found.
No animal found.
No animal found.
No animal found.
No animal found.
No animal found.
No animal found.
No animal found.
ijc
a
No animal found.
xp
No animal found.
lorc
qleoh
No animal found.
No animal found.
No animal found.
lde
No animal found.
bbnfb
No animal found.
chvi
lde
No animal found.
No animal found.
No animal found.
az
bbnfb
qleoh
lorc
dhip
No animal found.
No animal found.
cipix
No animal found.
No animal found.
No animal found.
No animal found.
No animal found.
No animal found.
No animal found.
No animal found.
No animal found.
No animal found.
eyjug
No animal found.
No animal found.
No animal found.
No animal found.
No animal found.
No animal found.
No animal found.
No animal found.
No animal found.
No animal found.
No animal found.
No animal found.
No animal found.
iql
No animal found.
No animal found.
No animal found.
ksu
No animal found.
mhu
u
No animal found.
No animal found.
vjww
No animal found.
goki
No animal found.
No animal found.
No animal found.
No animal found.
No animal found.
No animal found.
No animal found.
No animal found.
No animal found.
No animal found.
No animal found.
No animal found.
No animal found.
No animal found.
No animal found.
No animal found.
No animal found.
mhu
ucga
No animal found.
No animal found.
No animal found.
gpwxq
No animal found.
No animal found.
No animal found.
No animal found.
No animal found.
No animal found.
baaxf
No animal found.
No animal found.
No animal found.
No animal found.
No animal found.
No animal found.
No animal found.
No animal found.
No animal found.
No animal found.
No animal found.
No animal found.
No animal found.
cipix
No animal found.
No animal found.
No animal found.
No animal found.
sarwq
No animal found.
No animal found.
No animal found.
No animal found.
No animal found.
tw
No animal found.
No animal found.
No animal found.
No animal found.
No animal found.
No animal found.
No animal found.
No animal found.
No animal found.
No animal found.
No animal found.
No animal found.
No animal found.
No animal found.
No animal found.
No animal found.
No animal found.
No animal found.
ksu
No animal found.
No animal found.
No animal found.
No animal found.
No animal found.
No animal found.
No animal found.
No animal found.
No animal found.
No animal found.
No animal found.
No animal found.
No animal found.
um
iql
giid
No animal found.
No animal found.
afz
cipix
No animal found.
No animal found.
No animal found.
No animal found.
xxa
No animal found.
No animal found.
No animal found.
No animal found.
No animal found.
No animal found.
No animal found.
No animal found.
No animal found.
No animal found.
No animal found.
No animal found.
No animal found.
No animal found.
No animal found.
No animal found.
No animal found.
No animal found.
No animal found.
No animal found.
tw
No animal found.
No animal found.
No animal found.
No animal found.
wpcry
No animal found.
No animal found.
No animal found.
metzj
No animal found.
No animal found.
No animal found.
u
No animal found.
chvi
nczix
No animal found.
No animal found.
No animal found.
No animal found.
No animal found.
eyjug
No animal found.
No animal found.
No animal found.
lgmy
No animal found.
giid
No animal found.
No animal found.
No animal found.
iql
No animal found.
No animal found.
No animal found.
No animal found.
No animal found.
No animal found.
No animal found.
No animal found.
xp
No animal found.
No animal found.
No animal found.
No animal found.
No animal found.
No animal found.
No animal found.
No animal found.
No animal found.
No animal found.
No animal found.
No animal found.
No animal found.
sarwq
No animal found.
No animal found.
No animal found.
No animal found.
No animal found.
No animal found.
by
No animal found.
No animal found.
No animal found.
No animal found.
ec
No animal found.
No animal found.
No animal found.
um
No animal found.
dhip
No animal found.
No animal found.
No animal found.
No animal found.
No animal found.
qleoh
No animal found.
vjww
No animal found.
No animal found.
No animal found.
n
n
No animal found.
az
No animal found.
No animal found.
lorc
cipix
No animal found.
No animal found.
No animal found.
No animal found.
No animal found.
No animal found.
No animal found.
No animal found.
No animal found.
No animal found.
ucga
n
zkyda
No animal found.
No animal found.
No animal found.
mhu
ope
No animal found.
No animal found.
qleoh
metzj
No animal found.
No animal found.
ndtr
No animal found.
xxa
No animal found.
um
No animal found.
az
No animal found.
No animal found.
No animal found.
No animal found.
No animal found.
No animal found.
No animal found.
No animal found.
No animal found.
No animal found.
No animal found.
No animal found.
nm
No animal found.
No animal found.
No animal found.
No animal found.
tw
No animal found.
a
No animal found.
xxa
vjww
No animal found.
No animal found.
No animal found.
No animal found.
No animal found.
No animal found.
No animal found.
y
No animal found.
No animal found.
No animal found.
No animal found.
No animal found.
No animal found.
No animal found.
No animal found.
No animal found.
afz
No animal found.
hq
No animal found.
afz
No animal found.
No animal found.
No animal found.
No animal found.
No animal found.
No animal found.
No animal found.
No animal found.
No animal found.
No animal found.
No animal found.
No animal found.
No animal found.
No animal found.
No animal found.
No animal found.
No animal found.
u
No animal found.
y
No animal found.
ec
oymqk
q
No animal found.
No animal found.
No animal found.
No animal found.
dzv
No animal found.
No animal found.
No animal found.
No animal found.
tw
xxa
No animal found.
No animal found.
ap
No animal found.
No animal found.
a
No animal found.
No animal found.
No animal found.
No animal found.
No animal found.
No animal found.
No animal found.
No animal found.
No animal found.
No animal found.
No animal found.
No animal found.
No animal found.
No animal found.
No animal found.
baaxf
No animal found.
y
s
No animal found.
No animal found.
lde
lorc
No animal found.
a
No animal found.
No animal found.
y
No animal found.
zkyda
No animal found.
No animal found.
No animal found.
No animal found.
No animal found.
nm
No animal found.
No animal found.
No animal found.
No animal found.
No animal found.
ksu
No animal found.
No animal found.
lorc
No animal found.
eyjug
No animal found.
No animal found.
No animal found.
No animal found.
No animal found.
s
No animal found.
No animal found.
No animal found.
No animal found.
No animal found.
No animal found.
afz
No animal found.
No animal found.
No animal found.
No animal found.
No animal found.
No animal found.
No animal found.
giid
No animal found.
No animal found.
No animal found.
No animal found.
No animal found.
No animal found.
No animal found.
No animal found.
No animal found.
No animal found.
No animal found.
No animal found.
qleoh
No animal found.
jfcwm
nm
No animal found.
No animal found.
ivkg
No animal found.
No animal found.
No animal found.
No animal found.
No animal found.
No animal found.
No animal found.
metzj
q
No animal found.
nm
No animal found.
No animal found.
ksu
iql
No animal found.
by
rm
No animal found.
No animal found.
No animal found.
No animal found.
qfb
No animal found.
No animal found.
No animal found.
No animal found.
No animal found.
No animal found.
No animal found.
giid
n
No animal found.
cgiwc
hq
No animal found.
No animal found.
No animal found.
No animal found.
No animal found.
No animal found.
No animal found.
q
y
No animal found.
No animal found.
No animal found.
afz
No animal found.
No animal found.
q
No animal found.
No animal found.
No animal found.
No animal found.
jfcwm
No animal found.
ec
No animal found.
No animal found.
No animal found.
No animal found.
No animal found.
No animal found.
vjww
No animal found.
No animal found.
No animal found.
goki
oz
No animal found.
No animal found.
No animal found.
No animal found.
n
No animal found.
No animal found.
No animal found.
ivkg
No animal found.
No animal found.
No animal found.
No animal found.
hq
No animal found.
No animal found.
No animal found.
No animal found.
No animal found.
No animal found.
No animal found.
No animal found.
No animal found.
No animal found.
No animal found.
No animal found.
No animal found.
No animal found.
ujc
No animal found.
No animal found.
No animal found.
No animal found.
zz
No animal found.
No animal found.
No animal found.
n
No animal found.
No animal found.
No animal found.
No animal found.
No animal found.
No animal found.
No animal found.
No animal found.
No animal found.
qleoh
No animal found.
No animal found.
No animal found.
No animal found.
um
No animal found.
a
goki
No animal found.
ndtr
qklr
No animal found.
No animal found.
No animal found.
oz
cs
No animal found.
No animal found.
No animal found.
No animal found.
No animal found.
No animal found.
ivkg
No animal found.
No animal found.
No animal found.
No animal found.
No animal found.
No animal found.
nm
No animal found.
lgmy
No animal found.
z
No animal found.
No animal found.
No animal found.
No animal found.
xo
No animal found.
No animal found.
No animal found.
No animal found.
No animal found.
No animal found.
No animal found.
No animal found.
No animal found.
No animal found.
ssp
ec
No animal found.
No animal found.
No animal found.
No animal found.
bswqd
No animal found.
No animal found.
No animal found.
No animal found.
ivkg
z
No animal found.
xxa
No animal found.
No animal found.
dmzv
No animal found.
No animal found.
No animal found.
No animal found.
No animal found.
No animal found.
oymqk
No animal found.
No animal found.
No animal found.
ucga
No animal found.
No animal found.
zkyda
No animal found.
No animal found.
No animal found.
No animal found.
No animal found.
No animal found.
No animal found.
No animal found.
No animal found.
No animal found.
No animal found.
xo
zkyda
No animal found.
a
No animal found.
xo
No animal found.
jfcwm
qleoh
No animal found.
No animal found.
ope
No animal found.
xxa
No animal found.
No animal found.
No animal found.
No animal found.
No animal found.
No animal found.
No animal found.
No animal found.
No animal found.
No animal found.
No animal found.
No animal found.
No animal found.
No animal found.
No animal found.
No animal found.
No animal found.
No animal found.
No animal found.
No animal found.
No animal found.
No animal found.
nm
u
i
No animal found.
No animal found.
No animal found.
No animal found.
No animal found.
No animal found.
No animal found.
mhu
No animal found.
No animal found.
No animal found.
No animal found.
No animal found.
ujc
No animal found.
No animal found.
No animal found.
No animal found.
xo
ivkg
No animal found.
No animal found.
cs
No animal found.
dhip
No animal found.
No animal found.
No animal found.
No animal found.
eyjug
No animal found.
No animal found.
No animal found.
No animal found.
by
No animal found.
No animal found.
No animal found.
oz
No animal found.
No animal found.
No animal found.
No animal found.
No animal found.
wrun
No animal found.
No animal found.
No animal found.
No animal found.
No animal found.
v
No animal found.
No animal found.
No animal found.
No animal found.
lgmy
No animal found.
No animal found.
No animal found.
No animal found.
ndtr
No animal found.
No animal found.
No animal found.
ksu
No animal found.
No animal found.
No animal found.
No animal found.
mhu
vjww
No animal found.
No animal found.
No animal found.
No animal found.
No animal found.
No animal found.
No animal found.
No animal found.
No animal found.
No animal found.
No animal found.
No animal found.
No animal found.
No animal found.
No animal found.
No animal found.
No animal found.
a
No animal found.
No animal found.
No animal found.
kjty
cs
No animal found.
No animal found.
vjww
No animal found.
No animal found.
No animal found.
No animal found.
No animal found.
No animal found.
No animal found.
No animal found.
No animal found.
No animal found.
No animal found.
No animal found.
No animal found.
u
No animal found.
No animal found.
No animal found.
u
No animal found.
No animal found.
No animal found.
No animal found.
No animal found.
No animal found.
No animal found.
giid
No animal found.
No animal found.
No animal found.
pncu
No animal found.
No animal found.
No animal found.
No animal found.
oz
No animal found.
No animal found.
No animal found.
No animal found.
No animal found.
No animal found.
No animal found.
No animal found.
No animal found.
No animal found.
oz
No animal found.
oymqk
No animal found.
No animal found.
No animal found.
oz
No animal found.
mhu
No animal found.
No animal found.
No animal found.
No animal found.
No animal found.
No animal found.
No animal found.
v
No animal found.
No animal found.
No animal found.
No animal found.
No animal found.
No animal found.
No animal found.
n
No animal found.
No animal found.
No animal found.
No animal found.
No animal found.
z
No animal found.
a
g
zezua
No animal found.
No animal found.
No animal found.
No animal found.
zkyda
No animal found.
No animal found.
No animal found.
wrun
No animal found.
No animal found.
jfcwm
No animal found.
No animal found.
ssp
No animal found.
No animal found.
No animal found.
xo
No animal found.
No animal found.
hbrl
No animal found.
No animal found.
No animal found.
No animal found.
No animal found.
No animal found.
No animal found.
No animal found.
No animal found.
No animal found.
No animal found.
No animal found.
No animal found.
No animal found.
No animal found.
No animal found.
No animal found.
No animal found.
No animal found.
No animal found.
No animal found.
No animal found.
No animal found.
wpcry
No animal found.
mhu
No animal found.
No animal found.
No animal found.
No animal found.
No animal found.
No animal found.
No animal found.
No animal found.
No animal found.
No animal found.
No animal found.
dhip
No animal found.
No animal found.
No animal found.
No animal found.
No animal found.
a
No animal found.
No animal found.
No animal found.
No animal found.
No animal found.
No animal found.
No animal found.
qq
No animal found.
No animal found.
No animal found.
No animal found.
No animal found.
mhu
No animal found.
No animal found.
No animal found.
No animal found.
No animal found.
No animal found.
No animal found.
No animal found.
No animal found.
No animal found.
No animal found.
No animal found.
oymqk
dhip
zkyda
No animal found.
No animal found.
No animal found.
No animal found.
No animal found.
No animal found.
No animal found.
lgmy
No animal found.
oymqk
No animal found.
No animal found.
No animal found.
No animal found.
No animal found.
No animal found.
No animal found.
No animal found.
No animal found.
No animal found.
No animal found.
No animal found.
No animal found.
No animal found.
No animal found.
No animal found.
No animal found.
No animal found.
No animal found.
No animal found.
wpcry
ucga
No animal found.
No animal found.
No animal found.
g
No animal found.
afz
No animal found.
No animal found.
No animal found.
No animal found.
No animal found.
No animal found.
No animal found.
No animal found.
No animal found.
No animal found.
No animal found.
No animal found.
No animal found.
by
No animal found.
zkyda
No animal found.
No animal found.
No animal found.
No animal found.
No animal found.
lgmy
No animal found.
No animal found.
No animal found.
No animal found.
lgmy
No animal found.
z
hnyl
No animal found.
i
No animal found.
No animal found.
No animal found.
No animal found.
wbrzf
No animal found.
kjty
No animal found.
x
hbrl
No animal found.
vjww
No animal found.
No animal found.
No animal found.
No animal found.
eyjug
No animal found.
No animal found.
No animal found.
No animal found.
No animal found.
No animal found.
No animal found.
No animal found.
No animal found.
txyrx
No animal found.
No animal found.
No animal found.
No animal found.
No animal found.
No animal found.
No animal found.
vjww
No animal found.
No animal found.
No animal found.
No animal found.
zkyda
No animal found.
wrun
ope
No animal found.
uz
No animal found.
xhjwy
No animal found.
ivkg
No animal found.
i
No animal found.
No animal found.
No animal found.
No animal found.
lgmy
No animal found.
q
No animal found.
No animal found.
No animal found.
No animal found.
No animal found.
No animal found.
No animal found.
ksu
ope
No animal found.
No animal found.
No animal found.
No animal found.
qq
No animal found.
No animal found.
No animal found.
iql
No animal found.
No animal found.
s
No animal found.
No animal found.
dhip
No animal found.
No animal found.
No animal found.
No animal found.
No animal found.
No animal found.
pncu
No animal found.
nm
No animal found.
eyjug
No animal found.
No animal found.
No animal found.
oymqk
No animal found.
oz
No animal found.
No animal found.
No animal found.
No animal found.
txyrx
No animal found.
No animal found.
No animal found.
uwpc
uz
No animal found.
No animal found.
No animal found.
No animal found.
No animal found.
No animal found.
No animal found.
No animal found.
No animal found.
gtq
No animal found.
No animal found.
u
No animal found.
uz
ucga
No animal found.
No animal found.
No animal found.
No animal found.
No animal found.
No animal found.
by
No animal found.
ope
by
ksu
No animal found.
No animal found.
No animal found.
No animal found.
No animal found.
No animal found.
No animal found.
No animal found.
No animal found.
No animal found.
No animal found.
hnyl
No animal found.
ivkg
No animal found.
No animal found.
No animal found.
No animal found.
No animal found.
No animal found.
No animal found.
No animal found.
No animal found.
ope
No animal found.
No animal found.
No animal found.
um
ec
No animal found.
No animal found.
No animal found.
No animal found.
oymqk
No animal found.
No animal found.
zezua
tszny
No animal found.
No animal found.
ppain
No animal found.
No animal found.
No animal found.
uwpc
No animal found.
xo
No animal found.
No animal found.
No animal found.
No animal found.
No animal found.
No animal found.
No animal found.
whurf
i
No animal found.
No animal found.
No animal found.
No animal found.
No animal found.
No animal found.
No animal found.
No animal found.
No animal found.
No animal found.
i
aq
No animal found.
No animal found.
No animal found.
No animal found.
uz
cidx
No animal found.
v
No animal found.
No animal found.
No animal found.
nm
hnyl
No animal found.
No animal found.
q
No animal found.
No animal found.
No animal found.
No animal found.
ope
No animal found.
No animal found.
No animal found.
No animal found.
No animal found.
No animal found.
ec
goki
vjww
No animal found.
ivkg
No animal found.
No animal found.
No animal found.
No animal found.
No animal found.
mhu
No animal found.
No animal found.
No animal found.
No animal found.
No animal found.
No animal found.
No animal found.
a
wbrzf
No animal found.
hbrl
No animal found.
No animal found.
No animal found.
rhrd
goki
No animal found.
wrun
ec
No animal found.
No animal found.
No animal found.
No animal found.
No animal found.
No animal found.
No animal found.
No animal found.
No animal found.
No animal found.
No animal found.
No animal found.
No animal found.
r
lgmy
No animal found.
No animal found.
No animal found.
No animal found.
No animal found.
No animal found.
No animal found.
jfcwm
No animal found.
No animal found.
No animal found.
No animal found.
n
No animal found.
No animal found.
No animal found.
No animal found.
No animal found.
No animal found.
No animal found.
No animal found.
No animal found.
No animal found.
No animal found.
hnyl
i
No animal found.
No animal found.
No animal found.
No animal found.
No animal found.
No animal found.
No animal found.
eyjug
No animal found.
No animal found.
No animal found.
xo
No animal found.
No animal found.
No animal found.
No animal found.
No animal found.
No animal found.
z
cidx
No animal found.
No animal found.
No animal found.
No animal found.
No animal found.
No animal found.
No animal found.
No animal found.
No animal found.
goki
No animal found.
No animal found.
q
No animal found.
v
No animal found.
No animal found.
pncu
No animal found.
uz
No animal found.
No animal found.
No animal found.
No animal found.
No animal found.
No animal found.
No animal found.
No animal found.
No animal found.
No animal found.
No animal found.
No animal found.
No animal found.
No animal found.
txyrx
oymqk
No animal found.
No animal found.
wbrzf
No animal found.
No animal found.
No animal found.
No animal found.
No animal found.
uz
No animal found.
No animal found.
No animal found.
a
No animal found.
No animal found.
No animal found.
No animal found.
kjty
ksu
rblp
No animal found.
dhip
No animal found.
No animal found.
No animal found.
xq
No animal found.
No animal found.
No animal found.
v
No animal found.
No animal found.
No animal found.
No animal found.
um
No animal found.
No animal found.
No animal found.
No animal found.
No animal found.
ruftb
dhip
No animal found.
No animal found.
No animal found.
goki
No animal found.
No animal found.
No animal found.
No animal found.
No animal found.
No animal found.
No animal found.
dj
No animal found.
No animal found.
No animal found.
uz
No animal found.
No animal found.
No animal found.
No animal found.
gzc
No animal found.
No animal found.
No animal found.
No animal found.
No animal found.
No animal found.
No animal found.
No animal found.
No animal found.
No animal found.
No animal found.
No animal found.
No animal found.
No animal found.
xxa
No animal found.
ivkg
No animal found.
No animal found.
xo
i
No animal found.
No animal found.
wpcry
No animal found.
No animal found.
No animal found.
No animal found.
No animal found.
by
No animal found.
No animal found.
No animal found.
ogdqi
No animal found.
No animal found.
No animal found.
No animal found.
xq
No animal found.
txyrx
No animal found.
No animal found.
rblp
No animal found.
No animal found.
No animal found.
ijc
No animal found.
No animal found.
No animal found.
No animal found.
No animal found.
No animal found.
eyjug
No animal found.
No animal found.
No animal found.
No animal found.
No animal found.
No animal found.
No animal found.
No animal found.
No animal found.
No animal found.
No animal found.
No animal found.
No animal found.
No animal found.
No animal found.
No animal found.
No animal found.
aq
No animal found.
No animal found.
zkyda
No animal found.
No animal found.
No animal found.
v
No animal found.
No animal found.
oymqk
No animal found.
n
zkyda
oz
No animal found.
No animal found.
No animal found.
u
No animal found.
No animal found.
No animal found.
xq
No animal found.
No animal found.
No animal found.
No animal found.
No animal found.
eyjug
No animal found.
pncu
No animal found.
No animal found.
No animal found.
ryb
No animal found.
No animal found.
No animal found.
eyjug
No animal found.
No animal found.
zkyda
No animal found.
No animal found.
No animal found.
kjty
No animal found.
No animal found.
No animal found.
No animal found.
No animal found.
No animal found.
xo
No animal found.
vtao
No animal found.
i
No animal found.
oz
oz
No animal found.
No animal found.
u
No animal found.
oymqk
No animal found.
um
iql
No animal found.
xo
No animal found.
No animal found.
No animal found.
No animal found.
No animal found.
No animal found.
No animal found.
No animal found.
No animal found.
ndtr
No animal found.
No animal found.
xq
No animal found.
No animal found.
No animal found.
No animal found.
s
No animal found.
No animal found.
No animal found.
No animal found.
No animal found.
i
No animal found.
No animal found.
z
No animal found.
No animal found.
z
No animal found.
No animal found.
No animal found.
No animal found.
No animal found.
No animal found.
No animal found.
No animal found.
No animal found.
zkyda
No animal found.
No animal found.
No animal found.
xo
z
wrun
No animal found.
No animal found.
No animal found.
No animal found.
No animal found.
No animal found.
No animal found.
No animal found.
No animal found.
No animal found.
pncu
z
by
No animal found.
No animal found.
No animal found.
No animal found.
No animal found.
z
No animal found.
No animal found.
No animal found.
No animal found.
No animal found.
No animal found.
No animal found.
No animal found.
No animal found.
xo
No animal found.
No animal found.
No animal found.
No animal found.
ope
No animal found.
No animal found.
No animal found.
No animal found.
No animal found.
No animal found.
No animal found.
No animal found.
yijcj
lgmy
No animal found.
No animal found.
No animal found.
No animal found.
No animal found.
wrun
No animal found.
lgmy
No animal found.
No animal found.
No animal found.
No animal found.
No animal found.
No animal found.
No animal found.
No animal found.
No animal found.
No animal found.
No animal found.
No animal found.
No animal found.
No animal found.
iql
No animal found.
No animal found.
ryb
iql
No animal found.
No animal found.
No animal found.
No animal found.
xxa
No animal found.
No animal found.
No animal found.
No animal found.
No animal found.
No animal found.
No animal found.
kjty
No animal found.
No animal found.
No animal found.
No animal found.
No animal found.
No animal found.
wrun
No animal found.
No animal found.
No animal found.
No animal found.
No animal found.
qq
vjww
No animal found.
No animal found.
No animal found.
lgmy
kjty
No animal found.
No animal found.
oz
fi
pncu
fi
No animal found.
a
No animal found.
No animal found.
No animal found.
wbrzf
nm
No animal found.
No animal found.
No animal found.
No animal found.
No animal found.
No animal found.
No animal found.
No animal found.
